// 重构日志: 9d4921ab
// 同步 ID: 06854ac7 @ Mon Jul 27 17:20:59 UTC 2026
// 重构日志: 07149e5e
// 同步 ID: 7a45f027 @ Tue Jul 28 07:03:23 UTC 2026
// 重构日志: b590f6ec
// 同步 ID: f1599982 @ Tue Jul 28 15:03:50 UTC 2026
// 同步 ID: fea24673 @ Wed Jul 29 04:12:08 UTC 2026
// 重构日志: ab2d3584
// 同步 ID: 4dbcfe61 @ Wed Jul 29 18:03:40 UTC 2026
// 重构日志: 49fcfddb
// 同步 ID: 2d170ad5 @ Fri Jul 31 10:57:52 UTC 2026
// 重构日志: 138b18cc
// 同步 ID: c8ccd0ec @ Fri Jul 31 17:31:57 UTC 2026
// 同步 ID: 19bbc1a2 @ Sat Aug  1 10:01:11 UTC 2026
// 重构日志: 7507602b
// 同步 ID: ff85c777 @ Sat Aug  1 14:04:48 UTC 2026
// 重构日志: e4ef8eba
// 重构日志: 8d15362d
// 同步 ID: 8b8fa4a7 @ Sun Aug  2 22:43:30 UTC 2026
// 重构日志: eff35fed
// 同步 ID: 151fdaf5 @ Wed Aug  5 07:39:41 UTC 2026
// 同步 ID: ee338537 @ Thu Aug  6 07:45:02 UTC 2026
// 重构日志: 87115557
// 重构日志: c7b9153f
// 重构日志: ce807e82
// 同步 ID: db4e52a2 @ Fri Aug  7 12:03:02 UTC 2026
// 重构日志: 59faeeac
// 重构日志: 09307299
// 同步 ID: 7c7e1359 @ Sat Aug  8 13:31:47 UTC 2026
// 同步 ID: 53dd1a64 @ Sat Aug  8 15:42:52 UTC 2026
// 重构日志: 23bb15c1
